<html>
<body>
<pre>
<h1>µVision Build Log</h1>
<h2>Tool Versions:</h2>
IDE-Version: µVision V5.15
Copyright (C) 2015 ARM Ltd and ARM Germany GmbH. All rights reserved.
License Information: ECE IT McGill McGill University Flex license: MDK-ARM Professional: 100 user(s) (mdk_pro) Operation stops: 27 Aug 2018
 
Tool Versions:
Toolchain:       MDK-ARM Professional: 100 user(s)  Version: 5.15.0
Toolchain Path:  C:\Keil_v5\ARM\ARMCC\Bin
C Compiler:      Armcc.exe V5.05 update 2 (build 169)
Assembler:       Armasm.exe V5.05 update 2 (build 169)
Linker/Locator:  ArmLink.exe V5.05 update 2 (build 169)
Library Manager: ArmAr.exe V5.05 update 2 (build 169)
Hex Converter:   FromElf.exe V5.05 update 2 (build 169)
CPU DLL:         SARMCM3.DLL V5.15.0
Dialog DLL:      DCM.DLL V1.13.2.0
Target DLL:      STLink\ST-LINKIII-KEIL_SWO.dll V2.0.15.0_KEIL
Dialog DLL:      TCM.DLL V1.14.5.0
 
<h2>Project:</h2>
C:\Users\twang79\Downloads\microp_finalproject\FinalPrj\MDK-ARM\FinalPrj.uvprojx
Project File Date:  04/14/2018

<h2>Output:</h2>
*** Using Compiler 'V5.05 update 2 (build 169)', folder: 'C:\Keil_v5\ARM\ARMCC\Bin'
Build target 'FinalPrj'
assembling startup_stm32f407xx.s...
compiling system_stm32f4xx.c...
compiling stm32f4xx_hal_rcc.c...
compiling stm32f4xx_hal_rcc_ex.c...
compiling stm32f4xx_hal_dma.c...
compiling stm32f4xx_hal_pwr.c...
compiling stm32f4xx_hal_adc.c...
compiling stm32f4xx_hal.c...
compiling stm32f4xx_hal_tim_ex.c...
compiling stm32f4xx_hal_flash_ex.c...
compiling stm32f4xx_hal_adc_ex.c...
compiling stm32f4xx_hal_tim.c...
compiling stm32f4xx_hal_dma_ex.c...
compiling stm32f4xx_hal_flash.c...
compiling stm32f4xx_hal_flash_ramfunc.c...
compiling stm32f4xx_hal_gpio.c...
compiling stm32f4xx_hal_cortex.c...
compiling stm32f4xx_hal_uart.c...
compiling stm32f4xx_hal_pwr_ex.c...
compiling stm32f4xx_hal_spi.c...
compiling stm32f4xx_hal_msp.c...
compiling main.c...
compiling stm32f4xx_it.c...
compiling fput_debug.c...
compiling LIS3DSH.c...
..\Src\LIS3DSH.c(369): warning:  #1035-D: single-precision operand implicitly converted to double-precision
          *out =(float)(
IS3DSH_SENSITIVITY_2G * (float)aggregateResult);
..\Src\LIS3DSH.c(379): warning:  #1035-D: single-precision operand implicitly converted to double-precision
          *out =(float)(
IS3DSH_SENSITIVITY_4G * (float)aggregateResult);
..\Src\LIS3DSH.c(389): warning:  #1035-D: single-precision operand implicitly converted to double-precision
          *out =(float)(
IS3DSH_SENSITIVITY_6G * (float)aggregateResult);
..\Src\LIS3DSH.c(399): warning:  #1035-D: single-precision operand implicitly converted to double-precision
          *out =(float)(
IS3DSH_SENSITIVITY_8G * (float)aggregateResult);
..\Src\LIS3DSH.c(409): warning:  #1035-D: single-precision operand implicitly converted to double-precision
          *out =(float)(
IS3DSH_SENSITIVITY_16G * (float)aggregateResult);
..\Src\LIS3DSH.c: 5 warnings, 0 errors
compiling readACC.c...
linking...
Program Size: Code=16576 RO-data=608 RW-data=144 ZI-data=21456  
"FinalPrj\FinalPrj.axf" - 0 Error(s), 5 Warning(s).

<h2>Software Packages used:</h2>

Package Vendor: ARM
                http://www.keil.com/pack/ARM.CMSIS.5.0.1.pack
                ARM::CMSIS:CORE:5.0.1
                CMSIS (Cortex Microcontroller Software Interface Standard)
   * Component: CORE Version: 5.0.1

<h2>Collection of Component include folders:</h2>
  C:\Users\twang79\Downloads\microp_finalproject\FinalPrj\MDK-ARM\RTE
  C:\Keil_v5\ARM\PACK\ARM\CMSIS\5.0.1\CMSIS\Include
  C:\Keil_v5\ARM\PACK\Keil\STM32F4xx_DFP\2.11.0\Drivers\CMSIS\Device\ST\STM32F4xx\Include

<h2>Collection of Component Files used:</h2>

   * Component: ARM::CMSIS:CORE:5.0.1
</pre>
</body>
</html>
